/*C6*/SET SCHEMA PUBLIC
drop table PRODUCTO if exists
create table PRODUCTO (ID bigint generated by default as identity (start with 1), nombre varchar(255), precio double, peso double, cantidad integer, existencia integer, categoria varchar(255), proveedor varchar(255), primary key (ID))
INSERT INTO PRODUCTO VALUES(1,NULL,NULL,NULL,NULL,NULL,NULL,NULL)
COMMIT
INSERT INTO PRODUCTO VALUES(2,NULL,NULL,NULL,NULL,NULL,NULL,NULL)
COMMIT
INSERT INTO PRODUCTO VALUES(3,NULL,NULL,NULL,NULL,NULL,NULL,NULL)
COMMIT
INSERT INTO PRODUCTO VALUES(4,NULL,NULL,NULL,NULL,NULL,NULL,NULL)
COMMIT
ROLLBACK
DISCONNECT
/*C7*/SET SCHEMA PUBLIC
drop table PRODUCTO if exists
create table PRODUCTO (ID bigint generated by default as identity (start with 1), nombre varchar(255), precio double, peso double, cantidad integer, existencia integer, categoria varchar(255), proveedor varchar(255), primary key (ID))
INSERT INTO PRODUCTO VALUES(1,NULL,NULL,NULL,NULL,NULL,NULL,NULL)
COMMIT
DISCONNECT
/*C8*/SET SCHEMA PUBLIC
drop table PRODUCTO if exists
create table PRODUCTO (ID bigint generated by default as identity (start with 1), nombre varchar(255), precio double, peso double, cantidad integer, existencia integer, categoria varchar(255), proveedor varchar(255), primary key (ID))
INSERT INTO PRODUCTO VALUES(1,NULL,NULL,NULL,NULL,NULL,NULL,NULL)
COMMIT
INSERT INTO PRODUCTO VALUES(2,NULL,NULL,NULL,NULL,NULL,NULL,NULL)
COMMIT
DISCONNECT
/*C9*/SET SCHEMA PUBLIC
drop table PRODUCTO if exists
create table PRODUCTO (ID bigint generated by default as identity (start with 1), nombre varchar(255), precio double, peso double, cantidad integer, existencia integer, categoria varchar(255), proveedor varchar(255), primary key (ID))
INSERT INTO PRODUCTO VALUES(1,NULL,NULL,NULL,NULL,NULL,NULL,NULL)
COMMIT
DISCONNECT
/*C10*/SET SCHEMA PUBLIC
drop table PRODUCTO if exists
create table PRODUCTO (ID bigint generated by default as identity (start with 1), nombre varchar(255), precio double, peso double, cantidad integer, existencia integer, categoria varchar(255), proveedor varchar(255), primary key (ID))
INSERT INTO PRODUCTO VALUES(1,NULL,NULL,NULL,NULL,NULL,NULL,NULL)
COMMIT
INSERT INTO PRODUCTO VALUES(2,NULL,NULL,NULL,NULL,NULL,NULL,NULL)
COMMIT
DISCONNECT
/*C11*/SET SCHEMA PUBLIC
drop table PRODUCTO if exists
create table PRODUCTO (ID bigint generated by default as identity (start with 1), nombre varchar(255), precio double, peso double, cantidad integer, existencia integer, categoria varchar(255), proveedor varchar(255), primary key (ID))
INSERT INTO PRODUCTO VALUES(1,NULL,NULL,NULL,NULL,NULL,NULL,NULL)
COMMIT
INSERT INTO PRODUCTO VALUES(2,NULL,NULL,NULL,NULL,NULL,NULL,NULL)
COMMIT
INSERT INTO PRODUCTO VALUES(3,NULL,NULL,NULL,NULL,NULL,NULL,NULL)
COMMIT
INSERT INTO PRODUCTO VALUES(4,NULL,NULL,NULL,NULL,NULL,NULL,NULL)
COMMIT
ROLLBACK
DISCONNECT
/*C12*/SET SCHEMA PUBLIC
drop table PRODUCTO if exists
create table PRODUCTO (ID bigint generated by default as identity (start with 1), nombre varchar(255), precio double, peso double, cantidad integer, existencia integer, categoria varchar(255), proveedor varchar(255), primary key (ID))
INSERT INTO PRODUCTO VALUES(1,NULL,NULL,NULL,NULL,NULL,NULL,NULL)
COMMIT
INSERT INTO PRODUCTO VALUES(2,NULL,NULL,NULL,NULL,NULL,NULL,NULL)
COMMIT
INSERT INTO PRODUCTO VALUES(3,NULL,NULL,NULL,NULL,NULL,NULL,NULL)
COMMIT
INSERT INTO PRODUCTO VALUES(4,NULL,NULL,NULL,NULL,NULL,NULL,NULL)
COMMIT
ROLLBACK
DISCONNECT
/*C13*/SET SCHEMA PUBLIC
drop table PRODUCTO if exists
create table PRODUCTO (ID bigint generated by default as identity (start with 1), nombre varchar(255), precio double, peso double, cantidad integer, existencia integer, categoria varchar(255), proveedor varchar(255), primary key (ID))
ROLLBACK
DISCONNECT
/*C14*/SET SCHEMA PUBLIC
drop table PRODUCTO if exists
create table PRODUCTO (ID bigint generated by default as identity (start with 1), nombre varchar(255), precio double, peso double, cantidad integer, existencia integer, categoria varchar(255), proveedor varchar(255), primary key (ID))
INSERT INTO PRODUCTO VALUES(1,NULL,NULL,NULL,NULL,NULL,NULL,NULL)
COMMIT
DISCONNECT
/*C15*/SET SCHEMA PUBLIC
drop table PRODUCTO if exists
create table PRODUCTO (ID bigint generated by default as identity (start with 1), nombre varchar(255), precio double, peso double, cantidad integer, existencia integer, categoria varchar(255), proveedor varchar(255), primary key (ID))
INSERT INTO PRODUCTO VALUES(1,NULL,NULL,NULL,NULL,NULL,NULL,NULL)
COMMIT
DISCONNECT
/*C16*/SET SCHEMA PUBLIC
drop table PRODUCTO if exists
create table PRODUCTO (ID bigint generated by default as identity (start with 1), nombre varchar(255), precio double, peso double, cantidad integer, existencia integer, categoria varchar(255), proveedor varchar(255), primary key (ID))
INSERT INTO PRODUCTO VALUES(1,NULL,NULL,NULL,NULL,NULL,NULL,NULL)
COMMIT
INSERT INTO PRODUCTO VALUES(2,NULL,NULL,NULL,NULL,NULL,NULL,NULL)
COMMIT
INSERT INTO PRODUCTO VALUES(3,NULL,NULL,NULL,NULL,NULL,NULL,NULL)
COMMIT
INSERT INTO PRODUCTO VALUES(4,NULL,NULL,NULL,NULL,NULL,NULL,NULL)
COMMIT
ROLLBACK
DISCONNECT
/*C17*/SET SCHEMA PUBLIC
drop table PRODUCTO if exists
create table PRODUCTO (ID bigint generated by default as identity (start with 1), nombre varchar(255), precio double, peso double, cantidad integer, existencia integer, categoria varchar(255), proveedor varchar(255), primary key (ID))
INSERT INTO PRODUCTO VALUES(1,NULL,NULL,NULL,NULL,NULL,NULL,NULL)
COMMIT
INSERT INTO PRODUCTO VALUES(2,NULL,NULL,NULL,NULL,NULL,NULL,NULL)
COMMIT
INSERT INTO PRODUCTO VALUES(3,NULL,NULL,NULL,NULL,NULL,NULL,NULL)
COMMIT
INSERT INTO PRODUCTO VALUES(4,NULL,NULL,NULL,NULL,NULL,NULL,NULL)
COMMIT
ROLLBACK
DISCONNECT
/*C18*/SET SCHEMA PUBLIC
drop table PRODUCTO if exists
create table PRODUCTO (ID bigint generated by default as identity (start with 1), nombre varchar(255), precio double, peso double, cantidad integer, existencia integer, categoria varchar(255), proveedor varchar(255), primary key (ID))
INSERT INTO PRODUCTO VALUES(1,NULL,NULL,NULL,NULL,NULL,NULL,NULL)
COMMIT
DISCONNECT
/*C19*/SET SCHEMA PUBLIC
drop table PRODUCTO if exists
create table PRODUCTO (ID bigint generated by default as identity (start with 1), nombre varchar(255), precio double, peso double, cantidad integer, existencia integer, categoria varchar(255), proveedor varchar(255), primary key (ID))
INSERT INTO PRODUCTO VALUES(1,NULL,NULL,NULL,NULL,NULL,NULL,NULL)
COMMIT
INSERT INTO PRODUCTO VALUES(2,NULL,NULL,NULL,NULL,NULL,NULL,NULL)
COMMIT
INSERT INTO PRODUCTO VALUES(3,NULL,NULL,NULL,NULL,NULL,NULL,NULL)
COMMIT
ROLLBACK
DISCONNECT
/*C20*/SET SCHEMA PUBLIC
drop table PRODUCTO if exists
create table PRODUCTO (ID bigint generated by default as identity (start with 1), nombre varchar(255), precio double, peso double, cantidad integer, existencia integer, categoria varchar(255), proveedor varchar(255), primary key (ID))
INSERT INTO PRODUCTO VALUES(1,NULL,NULL,NULL,NULL,NULL,NULL,NULL)
COMMIT
INSERT INTO PRODUCTO VALUES(2,NULL,NULL,NULL,NULL,NULL,NULL,NULL)
COMMIT
INSERT INTO PRODUCTO VALUES(3,NULL,NULL,NULL,NULL,NULL,NULL,NULL)
COMMIT
DISCONNECT
/*C21*/SET SCHEMA PUBLIC
drop table PRODUCTO if exists
create table PRODUCTO (ID bigint generated by default as identity (start with 1), nombre varchar(255), precio double, peso double, cantidad integer, existencia integer, categoria varchar(255), proveedor varchar(255), primary key (ID))
INSERT INTO PRODUCTO VALUES(1,'sd',3.0E0,3.0E0,3,4,'d','d')
COMMIT
DISCONNECT
/*C22*/SET SCHEMA PUBLIC
drop table PRODUCTO if exists
create table PRODUCTO (ID bigint generated by default as identity (start with 1), nombre varchar(255), precio double, peso varchar(255), cantidad integer, existencia integer, categoria varchar(255), proveedor varchar(255), primary key (ID))
INSERT INTO PRODUCTO VALUES(1,'Krankys',6.0E0,'45grs',10,50,'Dulces','Ricolino')
COMMIT
INSERT INTO PRODUCTO VALUES(2,'Crakets',5.0E0,'50grs',2,34,'Galletas','Marinela')
COMMIT
INSERT INTO PRODUCTO VALUES(3,'Cheetos',5.0E0,'35grs',4,10,'Frituras','Sabritas')
COMMIT
DISCONNECT
/*C23*/SET SCHEMA PUBLIC
ROLLBACK
DISCONNECT
/*C24*/SET SCHEMA PUBLIC
INSERT INTO PRODUCTO VALUES(4,'Leche Gota Blanca',11.0E0,'1lt',12,12,'Lacteos','Sello Rojo')
COMMIT
INSERT INTO PRODUCTO VALUES(5,'Carlos V',5.0E0,'20grs',30,60,'Dulces','N/A')
COMMIT
DISCONNECT
/*C25*/SET SCHEMA PUBLIC
INSERT INTO PRODUCTO VALUES(6,'d',3.0E0,'3',3,3,'d','d')
COMMIT
INSERT INTO PRODUCTO VALUES(7,'e',3.0E0,'3',3,3,'d','f')
COMMIT
INSERT INTO PRODUCTO VALUES(8,'e',5.0E0,'5',5,5,'t','r')
COMMIT
ROLLBACK
DISCONNECT
/*C26*/SET SCHEMA PUBLIC
ROLLBACK
DISCONNECT
/*C27*/SET SCHEMA PUBLIC
ROLLBACK
DISCONNECT
/*C28*/SET SCHEMA PUBLIC
ROLLBACK
DISCONNECT
/*C29*/SET SCHEMA PUBLIC
ROLLBACK
DISCONNECT
/*C30*/SET SCHEMA PUBLIC
ROLLBACK
DISCONNECT
/*C31*/SET SCHEMA PUBLIC
ROLLBACK
DISCONNECT
/*C32*/SET SCHEMA PUBLIC
ROLLBACK
DISCONNECT
/*C33*/SET SCHEMA PUBLIC
ROLLBACK
DISCONNECT
/*C34*/SET SCHEMA PUBLIC
ROLLBACK
DISCONNECT
/*C35*/SET SCHEMA PUBLIC
ROLLBACK
DISCONNECT
